bash-3.2$ 
bash-3.2$ pwd
/Users/JWG/kr
bash-3.2$ ls
#ex1.9.c#
#fahrcelc2.c#
1.6test.c
1.6test.c~
a.out
arrayCounter.c
arrayCounter.c~
arraymtxtest.c
arraymtxtest.c~
ch1testing.c
ch1testing.c~
charcount.c
charcount.c~
comparison.c
comparison.c~
ex1.12.c
ex1.12.c~
ex1.6.c
ex1.6.c~
ex1.9.c
ex1.9.c~
fahrcelc.c
fahrcelc.c~
fahrcelc2.c
fahrcelc2.c~
linecount.c
linecount.c~
sec1.5.1.c
sec1.5.1.c~
test.c
test.c~
testgetchar.c
testgetchar.c~
testspace.c~
wordcount.c
wordcount.c~
bash-3.2$ ls -lrta
total 320
drwxr-xr-x+ 159 JWG  staff  5406 Jun 29 06:44 ..
-rw-r--r--    1 JWG  staff    65 Jun 29 06:57 ch1testing.c~
-rw-r--r--    1 JWG  staff    65 Jun 29 07:01 fahrcelc.c~
-rw-r--r--    1 JWG  staff   449 Jul  1 08:44 fahrcelc.c
-rw-r--r--    1 JWG  staff   449 Jul  1 08:46 comparison.c~
-rw-r--r--    1 JWG  staff   516 Jul  1 08:57 comparison.c
-rw-r--r--    1 JWG  staff   481 Jul  1 09:07 ch1testing.c
-rw-r--r--    1 JWG  staff   449 Jul  1 09:22 fahrcelc2.c~
-rw-r--r--    1 JWG  staff   303 Jul  1 09:29 fahrcelc2.c
lrwxr-xr-x    1 JWG  staff    25 Jul  1 15:34 .#fahrcelc2.c -> JWG@JWGlaptop.local.70363
-rw-r--r--    1 JWG  staff    55 Jul  1 15:34 sec1.5.1.c~
-rw-r--r--    1 JWG  staff   303 Jul  1 15:36 #fahrcelc2.c#
-rw-r--r--    1 JWG  staff   215 Jul  1 15:48 sec1.5.1.c
-rw-r--r--    1 JWG  staff   215 Jul  1 15:48 ex1.6.c~
-rw-r--r--    1 JWG  staff   220 Jul  1 15:51 ex1.6.c
-rw-r--r--    1 JWG  staff   149 Jul  1 15:59 charcount.c~
-rw-r--r--    1 JWG  staff   151 Jul  1 16:00 charcount.c
-rw-r--r--    1 JWG  staff   192 Jul  1 16:08 linecount.c~
-rw-r--r--    1 JWG  staff   196 Jul  1 16:14 ex1.9.c~
-rw-r--r--    1 JWG  staff   196 Jul  1 16:19 testspace.c~
-rw-r--r--    1 JWG  staff   155 Jul  1 16:21 testgetchar.c~
-rw-r--r--    1 JWG  staff   203 Jul  1 16:25 linecount.c
-rw-r--r--    1 JWG  staff   251 Jul  1 16:37 testgetchar.c
-rw-r--r--    1 JWG  staff   239 Jul  1 16:44 ex1.9.c
lrwxr-xr-x    1 JWG  staff    25 Jul  1 16:47 .#ex1.9.c -> JWG@JWGlaptop.local.70363
-rw-r--r--    1 JWG  staff    51 Jul  1 16:48 test.c~
-rw-r--r--    1 JWG  staff    54 Jul  1 16:48 test.c
-rw-r--r--    1 JWG  staff   274 Jul  1 16:48 #ex1.9.c#
-rw-r--r--    1 JWG  staff    54 Jul  1 16:57 wordcount.c~
-rw-r--r--    1 JWG  staff   408 Jul  1 17:04 wordcount.c
-rw-r--r--    1 JWG  staff   408 Jul  1 17:27 ex1.12.c~
-rw-r--r--    1 JWG  staff   390 Jul  1 17:34 ex1.12.c
-rw-r--r--    1 JWG  staff   390 Jul  2 07:01 arrayCounter.c~
-rw-r--r--    1 JWG  staff   312 Jul  2 07:03 1.6test.c~
-rw-r--r--    1 JWG  staff   131 Jul  2 07:06 1.6test.c
-rwxr-xr-x    1 JWG  staff  8620 Jul  2 07:24 a.out
-rw-r--r--    1 JWG  staff   505 Jul  2 07:29 arrayCounter.c
-rw-r--r--    1 JWG  staff   505 Jul  2 07:30 arraymtxtest.c~
-rw-r--r--    1 JWG  staff   156 Jul  2 07:32 arraymtxtest.c
drwxr-xr-x   40 JWG  staff  1360 Jul  2 07:32 .
bash-3.2$ cat 1.6test.c
#include <stdio.h>

/* converting int char to int? */

int main() 
{
  int a = '2';
  a = a-'0';
  a = a+1;
  printf("%d\n",a);

}
bash-3.2$ pwd
/Users/JWG/kr
bash-3.2$ ls -lrta
total 320
drwxr-xr-x+ 159 JWG  staff  5406 Jun 29 06:44 ..
-rw-r--r--    1 JWG  staff    65 Jun 29 06:57 ch1testing.c~
-rw-r--r--    1 JWG  staff    65 Jun 29 07:01 fahrcelc.c~
-rw-r--r--    1 JWG  staff   449 Jul  1 08:44 fahrcelc.c
-rw-r--r--    1 JWG  staff   449 Jul  1 08:46 comparison.c~
-rw-r--r--    1 JWG  staff   516 Jul  1 08:57 comparison.c
-rw-r--r--    1 JWG  staff   481 Jul  1 09:07 ch1testing.c
-rw-r--r--    1 JWG  staff   449 Jul  1 09:22 fahrcelc2.c~
-rw-r--r--    1 JWG  staff   303 Jul  1 09:29 fahrcelc2.c
lrwxr-xr-x    1 JWG  staff    25 Jul  1 15:34 .#fahrcelc2.c -> JWG@JWGlaptop.local.70363
-rw-r--r--    1 JWG  staff    55 Jul  1 15:34 sec1.5.1.c~
-rw-r--r--    1 JWG  staff   303 Jul  1 15:36 #fahrcelc2.c#
-rw-r--r--    1 JWG  staff   215 Jul  1 15:48 sec1.5.1.c
-rw-r--r--    1 JWG  staff   215 Jul  1 15:48 ex1.6.c~
-rw-r--r--    1 JWG  staff   220 Jul  1 15:51 ex1.6.c
-rw-r--r--    1 JWG  staff   149 Jul  1 15:59 charcount.c~
-rw-r--r--    1 JWG  staff   151 Jul  1 16:00 charcount.c
-rw-r--r--    1 JWG  staff   192 Jul  1 16:08 linecount.c~
-rw-r--r--    1 JWG  staff   196 Jul  1 16:14 ex1.9.c~
-rw-r--r--    1 JWG  staff   196 Jul  1 16:19 testspace.c~
-rw-r--r--    1 JWG  staff   155 Jul  1 16:21 testgetchar.c~
-rw-r--r--    1 JWG  staff   203 Jul  1 16:25 linecount.c
-rw-r--r--    1 JWG  staff   251 Jul  1 16:37 testgetchar.c
-rw-r--r--    1 JWG  staff   239 Jul  1 16:44 ex1.9.c
lrwxr-xr-x    1 JWG  staff    25 Jul  1 16:47 .#ex1.9.c -> JWG@JWGlaptop.local.70363
-rw-r--r--    1 JWG  staff    51 Jul  1 16:48 test.c~
-rw-r--r--    1 JWG  staff    54 Jul  1 16:48 test.c
-rw-r--r--    1 JWG  staff   274 Jul  1 16:48 #ex1.9.c#
-rw-r--r--    1 JWG  staff    54 Jul  1 16:57 wordcount.c~
-rw-r--r--    1 JWG  staff   408 Jul  1 17:04 wordcount.c
-rw-r--r--    1 JWG  staff   408 Jul  1 17:27 ex1.12.c~
-rw-r--r--    1 JWG  staff   390 Jul  1 17:34 ex1.12.c
-rw-r--r--    1 JWG  staff   390 Jul  2 07:01 arrayCounter.c~
-rw-r--r--    1 JWG  staff   312 Jul  2 07:03 1.6test.c~
-rw-r--r--    1 JWG  staff   505 Jul  2 07:29 arrayCounter.c
-rw-r--r--    1 JWG  staff   505 Jul  2 07:30 arraymtxtest.c~
-rw-r--r--    1 JWG  staff   156 Jul  2 07:32 arraymtxtest.c
-rw-r--r--    1 JWG  staff   168 Jul  2 07:38 1.6test.c
-rwxr-xr-x    1 JWG  staff  8432 Jul  2 07:38 a.out
drwxr-xr-x   40 JWG  staff  1360 Jul  2 07:38 .
bash-3.2$ cat ex1.12.c
#include <stdio.h>

#define IN 1 /* in a word */
#define OUT 0 /* outside a word */

int main() 
{
  int c, state;

  state = OUT;

  while((c = getchar()) != EOF) {
    if (c == ' ' || c == '\n' || c == '\t') {
      if (state == IN){
        printf("\n");
          }
      state = OUT;
    }
    else {
      putchar(c);
      if (state == OUT) {
        state = IN;
      }
    }
  }
}
bash-3.2$ c99 ex1.13.c 
ex1.13.c:20:7: warning: implicit declaration of function 'print' is invalid in C99 [-Wimplicit-function-declaration]
      print('-')
      ^
ex1.13.c:20:17: error: expected ';' after expression
      print('-')
                ^
                ;
1 warning and 1 error generated.
bash-3.2$ c99 ex1.13.c 
ex1.13.c:20:7: warning: implicit declaration of function 'print' is invalid in C99 [-Wimplicit-function-declaration]
      print('-');
      ^
1 warning generated.
Undefined symbols for architecture x86_64:
  "_print", referenced from:
      _main in ex1-961f8e.o
ld: symbol(s) not found for architecture x86_64
clang: error: linker command failed with exit code 1 (use -v to see invocation)
bash-3.2$ c99 ex1.13.c 
ex1.13.c:20:14: warning: incompatible integer to pointer conversion passing 'int' to parameter of type 'const char *' [-Wint-conversion]
      printf('-');
             ^~~
/usr/include/stdio.h:170:36: note: passing argument to parameter here
int      printf(const char * __restrict, ...) __printflike(1, 2);
                                       ^
ex1.13.c:20:14: warning: format string is not a string literal (potentially insecure) [-Wformat-security]
      printf('-');
             ^~~
ex1.13.c:20:14: note: treat the string as an argument to avoid this
      printf('-');
             ^
             "%s", 
2 warnings generated.
bash-3.2$ c99 ex1.13.c 
bash-3.2$ cat ex1.13.c| ./a.out
--------
---------
-------
--
-
--
--
-
----
--
-------
---
-
--
-------
-
----
--
---
------
-
---
--
------
-----
-
----
--------
-
----------
--
----
-
--
--
--
-
-
--
-
--
----
--
-
--
-----
-
--
------
--
----
-------------
-
-----
-
----
-
----
-
------------
--
------
--
----
-
-----
-
---
-
-
-
-
bash-3.2$ echo 'the boy in the sea
> had to pee
> and so he
> exploded' | ./a.out
---
---
--
---
---
---
--
---
---
--
--
--------
bash-3.2$ ls -lrta
total 320
drwxr-xr-x+ 159 JWG  staff  5406 Jun 29 06:44 ..
-rw-r--r--    1 JWG  staff    65 Jun 29 06:57 ch1testing.c~
-rw-r--r--    1 JWG  staff    65 Jun 29 07:01 fahrcelc.c~
-rw-r--r--    1 JWG  staff   449 Jul  1 08:44 fahrcelc.c
-rw-r--r--    1 JWG  staff   449 Jul  1 08:46 comparison.c~
-rw-r--r--    1 JWG  staff   516 Jul  1 08:57 comparison.c
-rw-r--r--    1 JWG  staff   481 Jul  1 09:07 ch1testing.c
-rw-r--r--    1 JWG  staff   449 Jul  1 09:22 fahrcelc2.c~
-rw-r--r--    1 JWG  staff   303 Jul  1 09:29 fahrcelc2.c
lrwxr-xr-x    1 JWG  staff    25 Jul  1 15:34 .#fahrcelc2.c -> JWG@JWGlaptop.local.70363
-rw-r--r--    1 JWG  staff    55 Jul  1 15:34 sec1.5.1.c~
-rw-r--r--    1 JWG  staff   303 Jul  1 15:36 #fahrcelc2.c#
-rw-r--r--    1 JWG  staff   215 Jul  1 15:48 sec1.5.1.c
-rw-r--r--    1 JWG  staff   215 Jul  1 15:48 ex1.6.c~
-rw-r--r--    1 JWG  staff   220 Jul  1 15:51 ex1.6.c
-rw-r--r--    1 JWG  staff   149 Jul  1 15:59 charcount.c~
-rw-r--r--    1 JWG  staff   151 Jul  1 16:00 charcount.c
-rw-r--r--    1 JWG  staff   192 Jul  1 16:08 linecount.c~
-rw-r--r--    1 JWG  staff   196 Jul  1 16:14 ex1.9.c~
-rw-r--r--    1 JWG  staff   196 Jul  1 16:19 testspace.c~
-rw-r--r--    1 JWG  staff   155 Jul  1 16:21 testgetchar.c~
-rw-r--r--    1 JWG  staff   203 Jul  1 16:25 linecount.c
-rw-r--r--    1 JWG  staff   251 Jul  1 16:37 testgetchar.c
-rw-r--r--    1 JWG  staff    54 Jul  1 16:48 test.c~
-rw-r--r--    1 JWG  staff    54 Jul  1 16:57 wordcount.c~
-rw-r--r--    1 JWG  staff   408 Jul  1 17:04 wordcount.c
-rw-r--r--    1 JWG  staff   390 Jul  2 07:01 arrayCounter.c~
-rw-r--r--    1 JWG  staff   312 Jul  2 07:03 1.6test.c~
-rw-r--r--    1 JWG  staff   505 Jul  2 07:29 arrayCounter.c
-rw-r--r--    1 JWG  staff   505 Jul  2 07:30 arraymtxtest.c~
-rw-r--r--    1 JWG  staff   156 Jul  2 07:32 arraymtxtest.c
-rw-r--r--    1 JWG  staff   168 Jul  2 07:38 1.6test.c
-rw-r--r--    1 JWG  staff   389 Jul  2 07:42 ex1.12.c~
-rw-r--r--    1 JWG  staff   389 Jul  2 07:42 ex1.13.c~
-rw-r--r--    1 JWG  staff   390 Jul  2 07:42 ex1.12.c
-rw-r--r--    1 JWG  staff    85 Jul  2 08:05 test.c
-rw-r--r--    1 JWG  staff   274 Jul  2 08:24 ex1.9.c
-rwxr-xr-x    1 JWG  staff  8668 Jul  2 08:26 a.out
-rw-r--r--    1 JWG  staff   290 Jul  2 08:27 ex1.13.c
drwxr-xr-x   40 JWG  staff  1360 Jul  2 08:27 .
bash-3.2$ cat ex1.13.c~
#include <stdio.h>

#define IN 1 /* in a word */
#define OUT 0 /* outside a word */

int main() 
{
  int c, state;

  state = OUT;

  while((c = getchar()) != EOF) {
    if (c == ' ' || c == '\n' || c == '\t') {
      if (state == IN){
        printf("\n");
          }
      state = OUT;
    }
    else {
      print('-')
      if (state == OUT) {
        state = IN;
      }
    }
  }
}
bash-3.2$ echo 'the boy in the sea
> had to pee
> and so he
> exploded' | ./a.out
  0 0
 1 0
 2 0
 3 0
 4 0
 5 0
 6 0
 7 0 8 0
	 9 0

 10 4
 11 0
 12 0
 13 0
 14 0
 15 0
 16 0
 17 0
 18 0
 19 0
 20 0
 21 0
 22 0
 23 0
 24 0
 25 0
 26 0
 27 0
 28 0
 29 0
 30 0
 31 0
  32 8
! 33 0
" 34 0
# 35 0
$ 36 0
% 37 0
& 38 0
' 39 0
( 40 0
) 41 0
* 42 0
+ 43 0
, 44 0
- 45 0
. 46 0
/ 47 0
0 48 0
1 49 0
2 50 0
3 51 0
4 52 0
5 53 0
6 54 0
7 55 0
8 56 0
9 57 0
: 58 0
; 59 0
< 60 0
= 61 0
> 62 0
? 63 0
@ 64 0
A 65 0
B 66 0
C 67 0
D 68 0
E 69 0
F 70 0
G 71 0
H 72 0
I 73 0
J 74 0
K 75 0
L 76 0
M 77 0
N 78 0
O 79 0
P 80 0
Q 81 0
R 82 0
S 83 0
T 84 0
U 85 0
V 86 0
W 87 0
X 88 0
Y 89 0
Z 90 0
[ 91 0
\ 92 0
] 93 0
^ 94 0
_ 95 0
` 96 0
a 97 3
b 98 1
c 99 0
d 100 4
e 101 8
f 102 0
g 103 0
h 104 4
i 105 1
j 106 0
k 107 0
l 108 1
m 109 0
n 110 2
o 111 4
p 112 2
q 113 0
r 114 0
s 115 2
t 116 3
u 117 0
v 118 0
w 119 0
x 120 1
y 121 1
z 122 0
{ 123 0
| 124 0
} 125 0
~ 126 0
 127 0
bash-3.2$ cat ex1.13.c > ex1.14.c
bash-3.2$ mv ex1.13.c~ ex1.13.c
bash-3.2$ mv ex1.13.c~ ex1.13.c  C-c C-c
bash-3.2$ c99 ex1.13.c 
ex1.13.c:20:7: warning: implicit declaration of function 'print' is invalid in C99 [-Wimplicit-function-declaration]
      print('-')
      ^
ex1.13.c:20:17: error: expected ';' after expression
      print('-')
                ^
                ;
1 warning and 1 error generated.
bash-3.2$ c99 ex1.13.c 
ex1.13.c:20:14: warning: incompatible integer to pointer conversion passing 'int' to parameter of type 'const char *' [-Wint-conversion]
      printf('-')
             ^~~
/usr/include/stdio.h:170:36: note: passing argument to parameter here
int      printf(const char * __restrict, ...) __printflike(1, 2);
                                       ^
ex1.13.c:20:14: warning: format string is not a string literal (potentially insecure) [-Wformat-security]
      printf('-')
             ^~~
ex1.13.c:20:14: note: treat the string as an argument to avoid this
      printf('-')
             ^
             "%s", 
ex1.13.c:20:18: error: expected ';' after expression
      printf('-')
                 ^
                 ;
2 warnings and 1 error generated.
bash-3.2$ c99 ex1.13.c 
ex1.13.c:20:14: warning: incompatible integer to pointer conversion passing 'int' to parameter of type 'const char *' [-Wint-conversion]
      printf('-');
             ^~~
/usr/include/stdio.h:170:36: note: passing argument to parameter here
int      printf(const char * __restrict, ...) __printflike(1, 2);
                                       ^
ex1.13.c:20:14: warning: format string is not a string literal (potentially insecure) [-Wformat-security]
      printf('-');
             ^~~
ex1.13.c:20:14: note: treat the string as an argument to avoid this
      printf('-');
             ^
             "%s", 
2 warnings generated.
bash-3.2$ c99 ex1.13.c 
bash-3.2$ echo 'word bird heard sea to shinging sea'|./a.out
----
----
-----
---
--
--------
---
bash-3.2$ pwd
/Users/JWG/kr
bash-3.2$ whoami
JWG
bash-3.2$ 
bash-3.2$ pwd
/Users/JWG/kr
bash-3.2$ c99 introfunction.c
bash-3.2$ ./a.out
0 1 1
1 2 -3
2 4 9
3 8 -27
4 16 81
5 32 -243
6 64 729
7 128 -2187
8 256 6561
9 512 -19683
bash-3.2$ 
